A1 DETECTION FLOOR -- planted convergence, real estimator
  measured off the real run (12 pairs):
    within-speaker replicate sd : 0.1056 ka
    grand mean force:ka         : 0.4641
    replicates per cloud        : 7
  frozen ruler (cold table):
    between-build sd            : 0.2454 ka
  design: 6 pairs / 6 adapters, balanced ring, families alternating
    s20621|t30001 t30001|s20622 s20622|t30002 t30002|s20623 s20623|t30003 t30003|s20621
  400 sims x 1000 bootstrap per delta

  delta ka   in sd units       power wrong-side
  0.000      0.000             0.020      0.022
  0.025      0.102             0.068      0.005
  0.050      0.204             0.117      0.000
  0.100      0.408             0.367      0.000
  0.200      0.815             0.623      0.000
  0.400      1.630             0.637      0.000
  COMPLETE   (gap -> 0)        0.637      0.000

  FLOOR_ka: DOES NOT EXIST AT THIS DESIGN.
  Power CEILING at complete convergence = 0.637, below the 0.80 target.
  => the registered 6-pair/6-adapter design cannot clear its own
     gate even if the two speakers converge COMPLETELY.
  false-positive rate at delta=0: 0.020 (nominal 0.025 one-sided)

  ADAPTERS NEEDED -- power at COMPLETE convergence, ring design
  ⛔ clusters = ADAPTERS. More pairs from the same adapters do not buy power.
  adapters   pairs       power
  6          6           0.578
  8          8           0.782
  10         10          0.877  <= first to clear
  12         12          0.910
  14         14          0.968
  18         18          1.000
  24         24          1.000

  ON DISK: 7 adapters. NEEDED for 80% power at COMPLETE convergence: 10

  REPLICATES PER CLOUD -- power at COMPLETE convergence
  adapters   reps          power
  6          7             0.615
  6          14            0.700
  6          28            0.823
  6          56            0.850
  7          7             0.698
  7          14            0.805
  7          28            0.873
  7          56            0.948

  wrote runs\act2\a1_floor.json
