  ✅ terminate path verified — id 15585117e4f84d3199510c72efbacdec resolved and live
watchdog terminate path verified — id 15585117e4f84d3199510c72efbacdec resolved and live · deadline 26.0 h · stall 90 min · poll 300 s
  flush-on-exit armed (timeout 900 s): /home/ubuntu/venv/bin/python tools/act2_box_persist.py --root runs/act2/idf2/train --repo keyzersoze04/tlon-act2-adapters flush
[13:57:34] WAIT · healthy · log 28 B
[14:02:35] WAIT · healthy · log 38034 B
[14:07:35] WAIT · healthy · log 49188 B
[14:12:35] WAIT · healthy · log 60236 B
[14:17:35] WAIT · healthy · log 82131 B
[14:22:35] WAIT · healthy · log 93124 B
[14:27:35] WAIT · healthy · log 110887 B
[14:32:35] WAIT · healthy · log 127222 B
[14:37:35] WAIT · healthy · log 138801 B
[14:42:35] WAIT · healthy · log 161406 B
[14:47:35] WAIT · healthy · log 173193 B
[14:52:35] WAIT · healthy · log 185333 B
[14:57:36] WAIT · healthy · log 208231 B
[15:02:36] WAIT · healthy · log 220583 B
[15:07:36] WAIT · healthy · log 233152 B
[15:12:36] WAIT · healthy · log 256824 B
[15:17:36] WAIT · healthy · log 269575 B
[15:22:36] WAIT · healthy · log 282511 B
[15:27:36] WAIT · healthy · log 306146 B
[15:32:36] WAIT · healthy · log 319283 B
[15:37:36] WAIT · healthy · log 343163 B
[15:42:36] WAIT · healthy · log 356367 B
[15:47:36] WAIT · healthy · log 369504 B
[15:52:36] WAIT · healthy · log 393752 B
[15:57:36] WAIT · healthy · log 407468 B
[16:02:36] WAIT · healthy · log 420991 B
[16:07:36] WAIT · healthy · log 445342 B
[16:12:36] WAIT · healthy · log 459093 B
[16:17:36] WAIT · healthy · log 473129 B
[16:22:36] WAIT · healthy · log 497625 B
[16:27:36] WAIT · healthy · log 511731 B
[16:32:36] WAIT · healthy · log 525560 B
[16:37:36] WAIT · healthy · log 550198 B
[16:42:36] WAIT · healthy · log 564093 B
[16:47:36] WAIT · healthy · log 588794 B
[16:52:37] WAIT · healthy · log 602729 B
[16:57:37] WAIT · healthy · log 617065 B
[17:02:37] WAIT · healthy · log 641981 B
[17:07:37] WAIT · healthy · log 656389 B
[17:12:37] WAIT · healthy · log 670670 B
[17:17:37] WAIT · healthy · log 695952 B
[17:22:37] WAIT · healthy · log 710619 B
[17:27:37] WAIT · healthy · log 725415 B
[17:32:37] WAIT · healthy · log 760451 B
[17:37:37] WAIT · healthy · log 761841 B
[17:42:38] WAIT · healthy · log 762814 B
[17:47:38] WAIT · healthy · log 800304 B
[17:52:38] WAIT · healthy · log 811351 B
[17:57:38] WAIT · healthy · log 829530 B
[18:02:38] WAIT · healthy · log 844297 B
[18:07:38] WAIT · healthy · log 855365 B
[18:12:38] WAIT · healthy · log 877768 B
[18:17:38] WAIT · healthy · log 889289 B
[18:22:38] WAIT · healthy · log 900865 B
[18:27:38] WAIT · healthy · log 923360 B
[18:32:39] WAIT · healthy · log 935400 B
[18:37:39] WAIT · healthy · log 947305 B
[18:42:39] WAIT · healthy · log 970140 B
[18:47:39] WAIT · healthy · log 982405 B
[18:52:39] WAIT · healthy · log 995099 B
[18:57:39] WAIT · healthy · log 1018521 B
[19:02:39] WAIT · healthy · log 1031329 B
[19:07:39] WAIT · healthy · log 1050558 B
[19:12:39] WAIT · healthy · log 1067709 B
[19:17:39] WAIT · healthy · log 1080714 B
[19:22:39] WAIT · healthy · log 1104601 B
[19:27:39] WAIT · healthy · log 1117738 B
[19:32:39] WAIT · healthy · log 1130879 B
[19:37:40] WAIT · healthy · log 1155173 B
[19:42:40] WAIT · healthy · log 1168821 B
[19:47:40] WAIT · healthy · log 1182412 B
[19:52:40] WAIT · healthy · log 1206693 B
[19:57:40] WAIT · healthy · log 1220352 B
[20:02:40] WAIT · healthy · log 1234191 B
[20:07:40] WAIT · healthy · log 1258747 B
[20:12:40] WAIT · healthy · log 1272586 B
[20:17:40] WAIT · healthy · log 1292213 B
[20:22:40] WAIT · healthy · log 1311027 B
[20:27:41] WAIT · healthy · log 1325047 B
[20:32:41] WAIT · healthy · log 1349604 B
[20:37:41] WAIT · healthy · log 1363571 B
[20:42:41] WAIT · healthy · log 1377708 B
[20:47:41] WAIT · healthy · log 1402603 B
[20:52:41] WAIT · healthy · log 1416812 B
[20:57:41] WAIT · healthy · log 1431148 B
[21:02:41] WAIT · healthy · log 1456173 B
[21:07:41] WAIT · healthy · log 1470895 B
[21:12:41] WAIT · healthy · log 1485488 B
[21:17:41] WAIT · healthy · log 1521472 B
[21:22:42] WAIT · healthy · log 1521472 B
[21:27:42] WAIT · healthy · log 1524653 B
[21:32:42] WAIT · healthy · log 1524653 B
[21:37:42] WAIT · healthy · log 1524653 B
[21:42:42] WAIT · healthy · log 1524653 B
[21:47:42] WAIT · healthy · log 1524653 B
[21:52:42] WAIT · healthy · log 1524653 B
[21:57:42] WAIT · healthy · log 1529261 B
[22:02:42] WAIT · healthy · log 1529261 B
[22:07:42] WAIT · healthy · log 1529261 B
[22:12:43] WAIT · healthy · log 1529261 B
[22:17:43] WAIT · healthy · log 1529261 B
[22:22:43] WAIT · healthy · log 1529261 B
[22:27:43] WAIT · healthy · log 1533800 B
[22:32:43] WAIT · healthy · log 1533800 B
[22:37:43] WAIT · healthy · log 1533800 B
[22:42:43] WAIT · healthy · log 1533800 B
[22:47:43] WAIT · healthy · log 1533800 B
[22:52:43] WAIT · healthy · log 1538355 B
[22:57:43] WAIT · healthy · log 1538355 B
[23:02:43] WAIT · healthy · log 1538355 B
[23:07:44] WAIT · healthy · log 1538355 B
[23:12:44] WAIT · healthy · log 1538355 B
[23:17:44] WAIT · healthy · log 1538355 B
[23:22:44] WAIT · healthy · log 1542842 B
[23:27:44] WAIT · healthy · log 1542842 B
[23:32:44] WAIT · healthy · log 1542842 B
[23:37:44] WAIT · healthy · log 1542842 B
[23:42:44] WAIT · healthy · log 1542842 B
[23:47:44] WAIT · healthy · log 1542842 B
[23:52:44] WAIT · healthy · log 1547393 B
[23:57:44] WAIT · healthy · log 1547393 B
[00:02:44] WAIT · healthy · log 1547393 B
[00:07:45] WAIT · healthy · log 1547393 B
[00:12:45] WAIT · healthy · log 1547393 B
[00:17:45] WAIT · healthy · log 1552171 B
[00:22:45] WAIT · healthy · log 1552171 B
[00:27:45] WAIT · healthy · log 1552171 B
[00:32:45] WAIT · healthy · log 1552171 B
[00:37:45] WAIT · healthy · log 1552171 B
[00:42:45] WAIT · healthy · log 1552171 B
[00:47:45] WAIT · healthy · log 1556870 B
[00:52:45] WAIT · healthy · log 1556870 B
[00:57:45] WAIT · healthy · log 1556870 B
[01:02:45] WAIT · healthy · log 1556870 B
[01:07:45] WAIT · healthy · log 1556870 B
[01:12:46] WAIT · healthy · log 1561603 B
[01:17:46] WAIT · healthy · log 1561603 B
[01:22:46] WAIT · healthy · log 1561603 B
[01:27:46] WAIT · healthy · log 1561603 B
[01:32:46] WAIT · healthy · log 1561603 B
[01:37:46] WAIT · healthy · log 1561603 B
[01:42:46] WAIT · healthy · log 1566410 B
[01:47:46] WAIT · healthy · log 1566410 B
[01:52:46] WAIT · healthy · log 1566410 B
[01:57:46] WAIT · healthy · log 1566410 B
[02:02:46] WAIT · healthy · log 1566410 B
[02:07:46] WAIT · healthy · log 1566410 B
[02:12:46] WAIT · healthy · log 1571248 B
[02:17:46] WAIT · healthy · log 1571248 B
[02:22:46] WAIT · healthy · log 1571248 B
[02:27:46] WAIT · healthy · log 1571248 B
[02:32:46] WAIT · healthy · log 1571248 B
[02:37:46] WAIT · healthy · log 1576145 B
[02:42:47] WAIT · healthy · log 1576145 B
[02:47:47] WAIT · healthy · log 1576145 B
[02:52:47] WAIT · healthy · log 1576145 B
[02:57:47] WAIT · healthy · log 1576145 B
[03:02:47] WAIT · healthy · log 1576145 B
[03:07:47] WAIT · healthy · log 1580878 B
[03:12:47] WAIT · healthy · log 1580878 B
[03:17:47] WAIT · healthy · log 1580878 B
[03:22:47] WAIT · healthy · log 1580878 B
[03:27:47] WAIT · healthy · log 1580878 B
[03:32:47] WAIT · healthy · log 1580878 B
[03:37:47] WAIT · healthy · log 1585773 B
[03:42:47] WAIT · healthy · log 1585773 B
[03:47:47] WAIT · healthy · log 1585773 B
[03:52:47] WAIT · healthy · log 1585773 B
[03:57:47] WAIT · healthy · log 1585773 B
[04:02:47] WAIT · healthy · log 1590688 B
[04:07:47] WAIT · healthy · log 1590688 B
[04:12:47] WAIT · healthy · log 1590688 B
[04:17:47] WAIT · healthy · log 1590688 B
[04:22:47] WAIT · healthy · log 1590688 B
[04:27:48] WAIT · healthy · log 1590688 B
[04:32:48] WAIT · healthy · log 1595388 B
[04:37:48] WAIT · healthy · log 1595388 B
[04:42:48] WAIT · healthy · log 1595388 B
[04:47:48] WAIT · healthy · log 1595388 B
[04:52:48] WAIT · healthy · log 1595388 B
[04:57:48] WAIT · healthy · log 1595388 B
[05:02:48] WAIT · healthy · log 1600222 B
[05:07:48] WAIT · healthy · log 1600222 B
[05:12:48] WAIT · healthy · log 1600222 B
[05:17:48] WAIT · healthy · log 1600222 B
[05:22:49] WAIT · healthy · log 1600222 B
[05:27:49] WAIT · healthy · log 1604963 B
[05:32:49] WAIT · healthy · log 1604963 B
[05:37:49] WAIT · healthy · log 1604963 B
[05:42:49] WAIT · healthy · log 1604963 B
[05:47:49] WAIT · healthy · log 1604963 B
[05:52:49] WAIT · healthy · log 1604963 B
[05:57:49] KILL · process 3061 is gone and the run did not complete · log 1608643 B
FLUSH: /home/ubuntu/venv/bin/python tools/act2_box_persist.py --root runs/act2/idf2/train --repo keyzersoze04/tlon-act2-adapters flush
