Warning: You are sending unauthenticated requests to the HF Hub. Please set a HF_TOKEN to enable higher rate limits and faster downloads.
EXCHANGE PROBE · 40 turns · temperature 0.9
⛔ criteria locked before the run: last-quarter validity ≥ 0.90 · TTR decline ≤ 25% · no period≤3 cycle for ≥6 turns

Loading weights:   0%|          | 0/339 [00:00<?, ?it/s]Loading weights:   0%|          | 1/339 [00:00<00:47,  7.13it/s]Loading weights:   1%|          | 2/339 [00:00<00:50,  6.64it/s]Loading weights:   5%|▌         | 17/339 [00:00<00:05, 57.05it/s]Loading weights:  12%|█▏        | 40/339 [00:00<00:02, 110.12it/s]Loading weights:  16%|█▌        | 54/339 [00:00<00:02, 117.69it/s]Loading weights:  23%|██▎       | 77/339 [00:00<00:01, 138.16it/s]Loading weights:  30%|██▉       | 101/339 [00:00<00:01, 160.76it/s]Loading weights:  37%|███▋      | 124/339 [00:00<00:01, 173.85it/s]Loading weights:  42%|████▏     | 142/339 [00:01<00:01, 171.44it/s]Loading weights:  47%|████▋     | 161/339 [00:01<00:01, 172.07it/s]Loading weights:  54%|█████▍    | 184/339 [00:01<00:00, 181.15it/s]Loading weights:  60%|█████▉    | 203/339 [00:01<00:00, 177.41it/s]Loading weights:  65%|██████▌   | 221/339 [00:01<00:00, 166.55it/s]Loading weights:  72%|███████▏  | 245/339 [00:01<00:00, 180.16it/s]Loading weights:  79%|███████▉  | 268/339 [00:01<00:00, 186.56it/s]Loading weights:  85%|████████▍ | 287/339 [00:01<00:00, 181.52it/s]Loading weights:  90%|█████████ | 306/339 [00:02<00:00, 172.18it/s]Loading weights:  97%|█████████▋| 328/339 [00:02<00:00, 176.53it/s]Loading weights: 100%|██████████| 339/339 [00:02<00:00, 156.96it/s]
  ✅ vacuity precondition passed — the speaker can vary at this temperature

  ── INTERACTING: A and B, each adapting to the other ──
  ── CONTROL: A against a PRE-RECORDED partner (nobody adapts back) ──

  INTERACTING
    validity overall      45%
    validity last quarter 40%
    root TTR 0.12 → 0.12 (+0%)
    longest cycle         period 1, 5 turns
    ⇒ DEGENERATES  [(a) last-quarter validity 40% < 90%]

  CONTROL
    validity overall      62%
    validity last quarter 50%
    root TTR 0.12 → 0.12 (+0%)
    longest cycle         period 1, 3 turns
    ⇒ DEGENERATES  [(a) last-quarter validity 50% < 90%]

  VERDICT: ⛔ DEGENERATES IN BOTH ARMS — this is the MODEL, not the exchange. An intrusive-thought generator would be papering over a speaker that cannot sustain generation at all.
  wrote runs/act2/logs/exchange_probe.json
