Warning: You are sending unauthenticated requests to the HF Hub. Please set a HF_TOKEN to enable higher rate limits and faster downloads.
trainable params: 80,740,352 || all params: 7,696,356,864 || trainable%: 1.0491
{'loss': '0.5662', 'grad_norm': '0.7279', 'learning_rate': '9.902e-05', 'epoch': '0.01'}
{'loss': '0.4629', 'grad_norm': '0.6702', 'learning_rate': '9.852e-05', 'epoch': '0.015'}
{'loss': '0.3768', 'grad_norm': '0.8284', 'learning_rate': '9.802e-05', 'epoch': '0.02'}
{'loss': '0.3287', 'grad_norm': '0.6848', 'learning_rate': '9.752e-05', 'epoch': '0.025'}
{'loss': '0.3079', 'grad_norm': '0.6492', 'learning_rate': '9.702e-05', 'epoch': '0.03'}
{'loss': '0.3', 'grad_norm': '0.8277', 'learning_rate': '9.652e-05', 'epoch': '0.035'}
{'loss': '0.2937', 'grad_norm': '0.6033', 'learning_rate': '9.602e-05', 'epoch': '0.04'}
{'loss': '0.2874', 'grad_norm': '0.453', 'learning_rate': '9.552e-05', 'epoch': '0.045'}
{'loss': '0.2769', 'grad_norm': '0.505', 'learning_rate': '9.502e-05', 'epoch': '0.05'}
{'loss': '0.2749', 'grad_norm': '0.3929', 'learning_rate': '9.452e-05', 'epoch': '0.055'}
{'loss': '0.2744', 'grad_norm': '0.4502', 'learning_rate': '9.402e-05', 'epoch': '0.06'}
{'loss': '0.2736', 'grad_norm': '0.4452', 'learning_rate': '9.352e-05', 'epoch': '0.065'}
{'loss': '0.262', 'grad_norm': '0.3763', 'learning_rate': '9.302e-05', 'epoch': '0.07'}
{'loss': '0.2703', 'grad_norm': '0.3789', 'learning_rate': '9.252e-05', 'epoch': '0.075'}
{'loss': '0.2682', 'grad_norm': '0.3122', 'learning_rate': '9.202e-05', 'epoch': '0.08'}
{'loss': '0.2654', 'grad_norm': '0.4186', 'learning_rate': '9.152e-05', 'epoch': '0.085'}
{'loss': '0.2657', 'grad_norm': '0.4123', 'learning_rate': '9.102e-05', 'epoch': '0.09'}
{'loss': '0.2643', 'grad_norm': '0.3298', 'learning_rate': '9.052e-05', 'epoch': '0.095'}
{'loss': '0.2609', 'grad_norm': '0.3891', 'learning_rate': '9.002e-05', 'epoch': '0.1'}

{'loss': '0.2629', 'grad_norm': '0.3621', 'learning_rate': '8.952e-05', 'epoch': '0.105'}
{'loss': '0.2634', 'grad_norm': '0.2904', 'learning_rate': '8.902e-05', 'epoch': '0.11'}
{'loss': '0.2606', 'grad_norm': '0.2916', 'learning_rate': '8.852e-05', 'epoch': '0.115'}
{'loss': '0.2621', 'grad_norm': '0.3328', 'learning_rate': '8.802e-05', 'epoch': '0.12'}
{'loss': '0.2647', 'grad_norm': '0.3491', 'learning_rate': '8.752e-05', 'epoch': '0.125'}
{'loss': '0.2635', 'grad_norm': '0.327', 'learning_rate': '8.702e-05', 'epoch': '0.13'}
{'loss': '0.2588', 'grad_norm': '0.4429', 'learning_rate': '8.652e-05', 'epoch': '0.135'}
{'loss': '0.2596', 'grad_norm': '0.3379', 'learning_rate': '8.602e-05', 'epoch': '0.14'}
{'loss': '0.2597', 'grad_norm': '0.299', 'learning_rate': '8.552e-05', 'epoch': '0.145'}
{'loss': '0.2588', 'grad_norm': '0.3457', 'learning_rate': '8.502e-05', 'epoch': '0.15'}
{'loss': '0.2595', 'grad_norm': '0.2778', 'learning_rate': '8.452e-05', 'epoch': '0.155'}
{'loss': '0.2578', 'grad_norm': '0.3356', 'learning_rate': '8.402e-05', 'epoch': '0.16'}
{'loss': '0.2575', 'grad_norm': '0.3027', 'learning_rate': '8.352e-05', 'epoch': '0.165'}
{'loss': '0.2593', 'grad_norm': '0.2642', 'learning_rate': '8.302e-05', 'epoch': '0.17'}
{'loss': '0.2574', 'grad_norm': '0.2498', 'learning_rate': '8.252e-05', 'epoch': '0.175'}
{'loss': '0.2597', 'grad_norm': '0.287', 'learning_rate': '8.202e-05', 'epoch': '0.18'}
{'loss': '0.2594', 'grad_norm': '0.3494', 'learning_rate': '8.152e-05', 'epoch': '0.185'}
{'loss': '0.257', 'grad_norm': '0.2914', 'learning_rate': '8.102e-05', 'epoch': '0.19'}
{'loss': '0.2583', 'grad_norm': '0.2786', 'learning_rate': '8.052e-05', 'epoch': '0.195'}
{'loss': '0.2579', 'grad_norm': '0.2986', 'learning_rate': '8.002e-05', 'epoch': '0.2'}

{'loss': '0.2562', 'grad_norm': '0.2829', 'learning_rate': '7.952e-05', 'epoch': '0.205'}
{'loss': '0.2556', 'grad_norm': '0.3087', 'learning_rate': '7.902e-05', 'epoch': '0.21'}
{'loss': '0.2588', 'grad_norm': '0.2809', 'learning_rate': '7.852e-05', 'epoch': '0.215'}
{'loss': '0.2554', 'grad_norm': '0.2662', 'learning_rate': '7.802e-05', 'epoch': '0.22'}
{'loss': '0.2559', 'grad_norm': '0.3522', 'learning_rate': '7.752e-05', 'epoch': '0.225'}
{'loss': '0.2546', 'grad_norm': '0.2747', 'learning_rate': '7.702e-05', 'epoch': '0.23'}
{'loss': '0.255', 'grad_norm': '0.2732', 'learning_rate': '7.652e-05', 'epoch': '0.235'}
{'loss': '0.2558', 'grad_norm': '0.2914', 'learning_rate': '7.602e-05', 'epoch': '0.24'}
{'loss': '0.2561', 'grad_norm': '0.2642', 'learning_rate': '7.552e-05', 'epoch': '0.245'}
{'loss': '0.2569', 'grad_norm': '0.2527', 'learning_rate': '7.502e-05', 'epoch': '0.25'}
{'loss': '0.2563', 'grad_norm': '0.2789', 'learning_rate': '7.452e-05', 'epoch': '0.255'}
{'loss': '0.2552', 'grad_norm': '0.2662', 'learning_rate': '7.402e-05', 'epoch': '0.26'}
{'loss': '0.2548', 'grad_norm': '0.2417', 'learning_rate': '7.352e-05', 'epoch': '0.265'}
{'loss': '0.2583', 'grad_norm': '0.2787', 'learning_rate': '7.302e-05', 'epoch': '0.27'}
{'loss': '0.255', 'grad_norm': '0.2518', 'learning_rate': '7.252e-05', 'epoch': '0.275'}
{'loss': '0.2551', 'grad_norm': '0.3086', 'learning_rate': '7.202e-05', 'epoch': '0.28'}
{'loss': '0.2531', 'grad_norm': '0.2735', 'learning_rate': '7.152e-05', 'epoch': '0.285'}
{'loss': '0.2561', 'grad_norm': '0.3268', 'learning_rate': '7.102e-05', 'epoch': '0.29'}
{'loss': '0.2563', 'grad_norm': '0.2552', 'learning_rate': '7.052e-05', 'epoch': '0.295'}
{'loss': '0.2593', 'grad_norm': '0.2584', 'learning_rate': '7.002e-05', 'epoch': '0.3'}

{'loss': '0.2541', 'grad_norm': '0.2855', 'learning_rate': '6.952e-05', 'epoch': '0.305'}
{'loss': '0.2529', 'grad_norm': '0.2875', 'learning_rate': '6.902e-05', 'epoch': '0.31'}
{'loss': '0.2549', 'grad_norm': '0.4436', 'learning_rate': '6.852e-05', 'epoch': '0.315'}
{'loss': '0.2534', 'grad_norm': '0.2273', 'learning_rate': '6.802e-05', 'epoch': '0.32'}
{'loss': '0.2559', 'grad_norm': '0.2434', 'learning_rate': '6.752e-05', 'epoch': '0.325'}
{'loss': '0.2545', 'grad_norm': '0.2193', 'learning_rate': '6.702e-05', 'epoch': '0.33'}
{'loss': '0.2543', 'grad_norm': '0.2472', 'learning_rate': '6.652e-05', 'epoch': '0.335'}
{'loss': '0.2564', 'grad_norm': '0.2346', 'learning_rate': '6.602e-05', 'epoch': '0.34'}
{'loss': '0.2557', 'grad_norm': '0.2842', 'learning_rate': '6.552e-05', 'epoch': '0.345'}
{'loss': '0.2542', 'grad_norm': '0.2634', 'learning_rate': '6.502e-05', 'epoch': '0.35'}
{'loss': '0.2547', 'grad_norm': '0.2531', 'learning_rate': '6.452e-05', 'epoch': '0.355'}
{'loss': '0.255', 'grad_norm': '0.2952', 'learning_rate': '6.402e-05', 'epoch': '0.36'}
{'loss': '0.2523', 'grad_norm': '0.2577', 'learning_rate': '6.352e-05', 'epoch': '0.365'}
{'loss': '0.255', 'grad_norm': '0.2486', 'learning_rate': '6.302e-05', 'epoch': '0.37'}
{'loss': '0.255', 'grad_norm': '0.2268', 'learning_rate': '6.252e-05', 'epoch': '0.375'}
{'loss': '0.255', 'grad_norm': '0.2272', 'learning_rate': '6.202e-05', 'epoch': '0.38'}
{'loss': '0.2532', 'grad_norm': '0.591', 'learning_rate': '6.152e-05', 'epoch': '0.385'}
{'loss': '0.2523', 'grad_norm': '0.3433', 'learning_rate': '6.102e-05', 'epoch': '0.39'}
{'loss': '0.253', 'grad_norm': '0.2608', 'learning_rate': '6.052e-05', 'epoch': '0.395'}
{'loss': '0.2524', 'grad_norm': '0.2534', 'learning_rate': '6.002e-05', 'epoch': '0.4'}

{'loss': '0.2547', 'grad_norm': '0.2523', 'learning_rate': '5.952e-05', 'epoch': '0.405'}
{'loss': '0.2509', 'grad_norm': '0.2304', 'learning_rate': '5.902e-05', 'epoch': '0.41'}
{'loss': '0.2524', 'grad_norm': '0.2073', 'learning_rate': '5.852e-05', 'epoch': '0.415'}
{'loss': '0.2527', 'grad_norm': '0.2303', 'learning_rate': '5.802e-05', 'epoch': '0.42'}
{'loss': '0.2518', 'grad_norm': '0.2384', 'learning_rate': '5.752e-05', 'epoch': '0.425'}
{'loss': '0.2554', 'grad_norm': '0.2765', 'learning_rate': '5.702e-05', 'epoch': '0.43'}
{'loss': '0.252', 'grad_norm': '0.2314', 'learning_rate': '5.652e-05', 'epoch': '0.435'}
{'loss': '0.2501', 'grad_norm': '0.2596', 'learning_rate': '5.602e-05', 'epoch': '0.44'}
{'loss': '0.2511', 'grad_norm': '0.2282', 'learning_rate': '5.552e-05', 'epoch': '0.445'}
{'loss': '0.249', 'grad_norm': '0.2561', 'learning_rate': '5.502e-05', 'epoch': '0.45'}
{'loss': '0.2548', 'grad_norm': '0.2498', 'learning_rate': '5.452e-05', 'epoch': '0.455'}
{'loss': '0.2495', 'grad_norm': '0.231', 'learning_rate': '5.402e-05', 'epoch': '0.46'}
{'loss': '0.2522', 'grad_norm': '0.224', 'learning_rate': '5.352e-05', 'epoch': '0.465'}
{'loss': '0.2519', 'grad_norm': '0.2306', 'learning_rate': '5.302e-05', 'epoch': '0.47'}
{'loss': '0.2499', 'grad_norm': '0.2436', 'learning_rate': '5.252e-05', 'epoch': '0.475'}
{'loss': '0.2521', 'grad_norm': '0.2363', 'learning_rate': '5.202e-05', 'epoch': '0.48'}
{'loss': '0.2523', 'grad_norm': '0.2463', 'learning_rate': '5.152e-05', 'epoch': '0.485'}
{'loss': '0.2515', 'grad_norm': '0.2563', 'learning_rate': '5.102e-05', 'epoch': '0.49'}
{'loss': '0.2537', 'grad_norm': '0.2333', 'learning_rate': '5.052e-05', 'epoch': '0.495'}
{'loss': '0.2511', 'grad_norm': '0.2373', 'learning_rate': '5.002e-05', 'epoch': '0.5'}

{'loss': '0.2524', 'grad_norm': '0.2384', 'learning_rate': '4.952e-05', 'epoch': '0.505'}
{'loss': '0.2511', 'grad_norm': '0.2325', 'learning_rate': '4.902e-05', 'epoch': '0.51'}
{'loss': '0.2514', 'grad_norm': '0.2397', 'learning_rate': '4.852e-05', 'epoch': '0.515'}
{'loss': '0.2507', 'grad_norm': '0.233', 'learning_rate': '4.802e-05', 'epoch': '0.52'}
{'loss': '0.2551', 'grad_norm': '0.2626', 'learning_rate': '4.752e-05', 'epoch': '0.525'}
{'loss': '0.2536', 'grad_norm': '0.2011', 'learning_rate': '4.702e-05', 'epoch': '0.53'}
{'loss': '0.2492', 'grad_norm': '0.2406', 'learning_rate': '4.652e-05', 'epoch': '0.535'}
{'loss': '0.251', 'grad_norm': '0.2261', 'learning_rate': '4.602e-05', 'epoch': '0.54'}
{'loss': '0.2517', 'grad_norm': '0.2471', 'learning_rate': '4.552e-05', 'epoch': '0.545'}
{'loss': '0.2495', 'grad_norm': '0.2412', 'learning_rate': '4.502e-05', 'epoch': '0.55'}
{'loss': '0.2501', 'grad_norm': '0.2263', 'learning_rate': '4.452e-05', 'epoch': '0.555'}
{'loss': '0.25', 'grad_norm': '0.2213', 'learning_rate': '4.402e-05', 'epoch': '0.56'}
{'loss': '0.2517', 'grad_norm': '0.229', 'learning_rate': '4.352e-05', 'epoch': '0.565'}
{'loss': '0.2515', 'grad_norm': '0.2264', 'learning_rate': '4.302e-05', 'epoch': '0.57'}
{'loss': '0.2538', 'grad_norm': '0.2862', 'learning_rate': '4.252e-05', 'epoch': '0.575'}
{'loss': '0.254', 'grad_norm': '0.2351', 'learning_rate': '4.202e-05', 'epoch': '0.58'}
{'loss': '0.2523', 'grad_norm': '0.212', 'learning_rate': '4.152e-05', 'epoch': '0.585'}
{'loss': '0.2506', 'grad_norm': '0.2186', 'learning_rate': '4.102e-05', 'epoch': '0.59'}
{'loss': '0.2519', 'grad_norm': '0.2397', 'learning_rate': '4.052e-05', 'epoch': '0.595'}
{'loss': '0.2503', 'grad_norm': '0.2273', 'learning_rate': '4.002e-05', 'epoch': '0.6'}

{'loss': '0.2494', 'grad_norm': '0.2375', 'learning_rate': '3.952e-05', 'epoch': '0.605'}
{'loss': '0.2516', 'grad_norm': '0.2033', 'learning_rate': '3.902e-05', 'epoch': '0.61'}
{'loss': '0.2505', 'grad_norm': '0.2366', 'learning_rate': '3.852e-05', 'epoch': '0.615'}
{'loss': '0.2512', 'grad_norm': '0.2093', 'learning_rate': '3.802e-05', 'epoch': '0.62'}
{'loss': '0.2521', 'grad_norm': '0.2054', 'learning_rate': '3.752e-05', 'epoch': '0.625'}
{'loss': '0.2493', 'grad_norm': '0.2159', 'learning_rate': '3.702e-05', 'epoch': '0.63'}
{'loss': '0.252', 'grad_norm': '0.2395', 'learning_rate': '3.652e-05', 'epoch': '0.635'}
{'loss': '0.2492', 'grad_norm': '0.2102', 'learning_rate': '3.602e-05', 'epoch': '0.64'}
{'loss': '0.2487', 'grad_norm': '0.2506', 'learning_rate': '3.552e-05', 'epoch': '0.645'}
{'loss': '0.2524', 'grad_norm': '0.2265', 'learning_rate': '3.502e-05', 'epoch': '0.65'}
{'loss': '0.2522', 'grad_norm': '0.2386', 'learning_rate': '3.452e-05', 'epoch': '0.655'}
{'loss': '0.2512', 'grad_norm': '0.2225', 'learning_rate': '3.402e-05', 'epoch': '0.66'}
{'loss': '0.2489', 'grad_norm': '0.2278', 'learning_rate': '3.352e-05', 'epoch': '0.665'}
{'loss': '0.2495', 'grad_norm': '0.2326', 'learning_rate': '3.302e-05', 'epoch': '0.67'}
{'loss': '0.2495', 'grad_norm': '0.2271', 'learning_rate': '3.252e-05', 'epoch': '0.675'}
{'loss': '0.2504', 'grad_norm': '0.2525', 'learning_rate': '3.202e-05', 'epoch': '0.68'}
{'loss': '0.2499', 'grad_norm': '0.2354', 'learning_rate': '3.152e-05', 'epoch': '0.685'}
{'loss': '0.2481', 'grad_norm': '0.2234', 'learning_rate': '3.102e-05', 'epoch': '0.69'}
{'loss': '0.2513', 'grad_norm': '0.2302', 'learning_rate': '3.052e-05', 'epoch': '0.695'}
{'loss': '0.2526', 'grad_norm': '0.2491', 'learning_rate': '3.002e-05', 'epoch': '0.7'}

{'loss': '0.2522', 'grad_norm': '0.2383', 'learning_rate': '2.952e-05', 'epoch': '0.705'}
{'loss': '0.2499', 'grad_norm': '0.2425', 'learning_rate': '2.902e-05', 'epoch': '0.71'}
{'loss': '0.2455', 'grad_norm': '0.2529', 'learning_rate': '2.852e-05', 'epoch': '0.715'}
{'loss': '0.2517', 'grad_norm': '0.2216', 'learning_rate': '2.802e-05', 'epoch': '0.72'}
{'loss': '0.2479', 'grad_norm': '0.2328', 'learning_rate': '2.752e-05', 'epoch': '0.725'}
{'loss': '0.2501', 'grad_norm': '0.2374', 'learning_rate': '2.702e-05', 'epoch': '0.73'}
{'loss': '0.2526', 'grad_norm': '0.2115', 'learning_rate': '2.652e-05', 'epoch': '0.735'}
{'loss': '0.2456', 'grad_norm': '0.2429', 'learning_rate': '2.602e-05', 'epoch': '0.74'}
{'loss': '0.2501', 'grad_norm': '0.5305', 'learning_rate': '2.552e-05', 'epoch': '0.745'}
{'loss': '0.249', 'grad_norm': '0.2318', 'learning_rate': '2.502e-05', 'epoch': '0.75'}
{'loss': '0.2462', 'grad_norm': '0.2194', 'learning_rate': '2.452e-05', 'epoch': '0.755'}
{'loss': '0.2445', 'grad_norm': '0.2402', 'learning_rate': '2.402e-05', 'epoch': '0.76'}
{'loss': '0.2513', 'grad_norm': '0.2379', 'learning_rate': '2.352e-05', 'epoch': '0.765'}
{'loss': '0.2478', 'grad_norm': '0.247', 'learning_rate': '2.302e-05', 'epoch': '0.77'}
{'loss': '0.2468', 'grad_norm': '0.2372', 'learning_rate': '2.252e-05', 'epoch': '0.775'}
{'loss': '0.2505', 'grad_norm': '0.2209', 'learning_rate': '2.202e-05', 'epoch': '0.78'}
{'loss': '0.2497', 'grad_norm': '0.2633', 'learning_rate': '2.152e-05', 'epoch': '0.785'}
{'loss': '0.2463', 'grad_norm': '0.2438', 'learning_rate': '2.102e-05', 'epoch': '0.79'}
{'loss': '0.2477', 'grad_norm': '0.2267', 'learning_rate': '2.052e-05', 'epoch': '0.795'}
{'loss': '0.2475', 'grad_norm': '0.234', 'learning_rate': '2.002e-05', 'epoch': '0.8'}

{'loss': '0.247', 'grad_norm': '0.236', 'learning_rate': '1.952e-05', 'epoch': '0.805'}
{'loss': '0.2466', 'grad_norm': '0.2539', 'learning_rate': '1.902e-05', 'epoch': '0.81'}
{'loss': '0.2463', 'grad_norm': '0.2645', 'learning_rate': '1.852e-05', 'epoch': '0.815'}
{'loss': '0.2501', 'grad_norm': '0.2333', 'learning_rate': '1.802e-05', 'epoch': '0.82'}
{'loss': '0.2463', 'grad_norm': '0.2564', 'learning_rate': '1.752e-05', 'epoch': '0.825'}
{'loss': '0.2484', 'grad_norm': '0.2619', 'learning_rate': '1.702e-05', 'epoch': '0.83'}
{'loss': '0.249', 'grad_norm': '0.2417', 'learning_rate': '1.652e-05', 'epoch': '0.835'}
{'loss': '0.2473', 'grad_norm': '0.2504', 'learning_rate': '1.602e-05', 'epoch': '0.84'}
{'loss': '0.2506', 'grad_norm': '0.2187', 'learning_rate': '1.552e-05', 'epoch': '0.845'}
{'loss': '0.2485', 'grad_norm': '0.2323', 'learning_rate': '1.502e-05', 'epoch': '0.85'}
{'loss': '0.2496', 'grad_norm': '0.2632', 'learning_rate': '1.452e-05', 'epoch': '0.855'}
{'loss': '0.2475', 'grad_norm': '0.2273', 'learning_rate': '1.402e-05', 'epoch': '0.86'}
{'loss': '0.2476', 'grad_norm': '0.2345', 'learning_rate': '1.352e-05', 'epoch': '0.865'}
{'loss': '0.2496', 'grad_norm': '0.2561', 'learning_rate': '1.302e-05', 'epoch': '0.87'}
{'loss': '0.2485', 'grad_norm': '0.2455', 'learning_rate': '1.252e-05', 'epoch': '0.875'}
{'loss': '0.2477', 'grad_norm': '0.2346', 'learning_rate': '1.202e-05', 'epoch': '0.88'}
{'loss': '0.2497', 'grad_norm': '0.2465', 'learning_rate': '1.152e-05', 'epoch': '0.885'}
{'loss': '0.2444', 'grad_norm': '0.2566', 'learning_rate': '1.102e-05', 'epoch': '0.89'}
{'loss': '0.2471', 'grad_norm': '0.2301', 'learning_rate': '1.052e-05', 'epoch': '0.895'}
{'loss': '0.2468', 'grad_norm': '0.2519', 'learning_rate': '1.002e-05', 'epoch': '0.9'}

{'loss': '0.2454', 'grad_norm': '0.2454', 'learning_rate': '9.52e-06', 'epoch': '0.905'}
{'loss': '0.2473', 'grad_norm': '0.2802', 'learning_rate': '9.02e-06', 'epoch': '0.91'}
{'loss': '0.2477', 'grad_norm': '0.244', 'learning_rate': '8.52e-06', 'epoch': '0.915'}
{'loss': '0.2474', 'grad_norm': '0.2226', 'learning_rate': '8.02e-06', 'epoch': '0.92'}
{'loss': '0.2455', 'grad_norm': '0.2469', 'learning_rate': '7.52e-06', 'epoch': '0.925'}
{'loss': '0.2466', 'grad_norm': '0.2359', 'learning_rate': '7.02e-06', 'epoch': '0.93'}
{'loss': '0.2489', 'grad_norm': '0.2476', 'learning_rate': '6.52e-06', 'epoch': '0.935'}
{'loss': '0.2494', 'grad_norm': '0.2418', 'learning_rate': '6.02e-06', 'epoch': '0.94'}
{'loss': '0.2507', 'grad_norm': '0.2493', 'learning_rate': '5.52e-06', 'epoch': '0.945'}
{'loss': '0.251', 'grad_norm': '0.2299', 'learning_rate': '5.02e-06', 'epoch': '0.95'}
{'loss': '0.2457', 'grad_norm': '0.2351', 'learning_rate': '4.52e-06', 'epoch': '0.955'}
{'loss': '0.2481', 'grad_norm': '0.2369', 'learning_rate': '4.02e-06', 'epoch': '0.96'}
{'loss': '0.2486', 'grad_norm': '0.2386', 'learning_rate': '3.52e-06', 'epoch': '0.965'}
{'loss': '0.2483', 'grad_norm': '0.2397', 'learning_rate': '3.02e-06', 'epoch': '0.97'}
{'loss': '0.2481', 'grad_norm': '0.2391', 'learning_rate': '2.52e-06', 'epoch': '0.975'}
{'loss': '0.2463', 'grad_norm': '0.2518', 'learning_rate': '2.02e-06', 'epoch': '0.98'}
{'loss': '0.2479', 'grad_norm': '0.2514', 'learning_rate': '1.52e-06', 'epoch': '0.985'}
{'loss': '0.2475', 'grad_norm': '0.2477', 'learning_rate': '1.02e-06', 'epoch': '0.99'}
{'loss': '0.2497', 'grad_norm': '0.2466', 'learning_rate': '5.2e-07', 'epoch': '0.995'}
{'loss': '0.2447', 'grad_norm': '0.2503', 'learning_rate': '2e-08', 'epoch': '1'}

{'eval_loss': '0.2448', 'eval_runtime': '33.56', 'eval_samples_per_second': '59.6', 'eval_steps_per_second': '7.45', 'epoch': '1'}
{'train_runtime': '4994', 'train_samples_per_second': '16.02', 'train_steps_per_second': '1.001', 'train_loss': '0.2643', 'epoch': '1'}

⭐ adapter → runs/act2/adapter
⛔ NOT a result. Next: tools/act2_flocal.py measures F-LOCAL unconstrained and cardless. That is the gate.
