D:\Tlon\tlon\listener\model.py:30: UserWarning: enable_nested_tensor is True, but self.use_nested_tensor is False because encoder_layer.norm_first was True
  self.enc = nn.TransformerEncoder(layer, num_layers=n_layers)
Warning: You are sending unauthenticated requests to the HF Hub. Please set a HF_TOKEN to enable higher rate limits and faster downloads.
[transformers] `torch_dtype` is deprecated! Use `dtype` instead!
==============================================================================
AUDITOR ANCHORS v2 -- PREREG a260481e + D8/D9/D11
==============================================================================
  discriminating statistic: AUDITOR RATE across arms at MATCHED withholding
  direction locked: pact-arm auditor must score LOWER than honest
  chance 25%

  computing ambiguity-maximising subsets (the adversarial half)
    118 (referent, keep-size) pairs

  -- keep_size = 0 ---------------------------------------------
Loading weights:   0%|          | 0/338 [00:00<?, ?it/s]Loading weights: 100%|##########| 338/338 [00:00<00:00, 95911.96it/s]
D:\Tlon\tlon\listener\model.py:30: UserWarning: enable_nested_tensor is True, but self.use_nested_tensor is False because encoder_layer.norm_first was True
  self.enc = nn.TransformerEncoder(layer, num_layers=n_layers)
    FLOOR honest, random subset        keep=0  AUDITOR 43.6%   [listener 100.0%]  mean ambiguity 1.77  [44s]
    CEILING code + adversarial subset  keep=0  AUDITOR 42.8%   [listener 100.0%]  mean ambiguity 1.80  [32s]
  -- keep_size = 1 ---------------------------------------------
    FLOOR honest, random subset        keep=1  AUDITOR 46.0%   [listener 100.0%]  mean ambiguity 1.10  [31s]
    CEILING code + adversarial subset  keep=1  AUDITOR 46.0%   [listener 100.0%]  mean ambiguity 1.13  [30s]

==============================================================================
  keep=0   floor auditor 43.6%   ceiling auditor 42.8%   DROP +0.8 pts   [ceiling listener 100.0%]
  keep=1   floor auditor 46.0%   ceiling auditor 46.0%   DROP +0.0 pts   [ceiling listener 100.0%]

  XX KILL B' -- INSTRUMENT FAILURE. Even an ADVERSARIAL omission-pact costs
  the auditor only +0.8 pts. This auditor cannot detect pacts of ANY
  class we can construct. KILL B is unreadable; the anti-pact device does not
  work and that is itself the finding.

  wrote D:\Tlon\runs\auditor_anchors_v2.json
